jurru@ACER-AMD-A9 MINGW64 ~/Documents/EclipseProjects/workspace/Calculadora
$ git init
Initialized empty Git repository in C:/Users/jurru/Documents/EclipseProjects/workspace/Calculadora/.git/

jurru@ACER-AMD-A9 MINGW64 ~/Documents/EclipseProjects/workspace/Calculadora (master)
$ git status
On branch master

No commits yet

Untracked files:
  (use "git add <file>..." to include in what will be committed)
        .classpath
        .project
        .settings/
        bin/
        src/

nothing added to commit but untracked files present (use "git add" to track)

jurru@ACER-AMD-A9 MINGW64 ~/Documents/EclipseProjects/workspace/Calculadora (master)
$ git status -s
?? .classpath
?? .project
?? .settings/
?? bin/
?? src/

jurru@ACER-AMD-A9 MINGW64 ~/Documents/EclipseProjects/workspace/Calculadora (master)
$ git add src/

jurru@ACER-AMD-A9 MINGW64 ~/Documents/EclipseProjects/workspace/Calculadora (master)
$ git status -s
A  src/git/Calculadora.java
A  src/notas/Git1
A  src/notas/Git2
?? .classpath
?? .project
?? .settings/
?? bin/

jurru@ACER-AMD-A9 MINGW64 ~/Documents/EclipseProjects/workspace/Calculadora (master)
$ git add .classpath

jurru@ACER-AMD-A9 MINGW64 ~/Documents/EclipseProjects/workspace/Calculadora (master)
$ git add .project

jurru@ACER-AMD-A9 MINGW64 ~/Documents/EclipseProjects/workspace/Calculadora (master)
$ git add .settings/

jurru@ACER-AMD-A9 MINGW64 ~/Documents/EclipseProjects/workspace/Calculadora (master)
$ git add bin/

jurru@ACER-AMD-A9 MINGW64 ~/Documents/EclipseProjects/workspace/Calculadora (master)
$ git status -s
A  .classpath
A  .project
A  .settings/org.eclipse.jdt.core.prefs
A  bin/git/Calculadora.class
A  bin/git/LaminaCalculadora.class
A  bin/git/MarcoCalculadora.class
A  bin/notas/Git1
A  bin/notas/Git2
A  src/git/Calculadora.java
A  src/notas/Git1
A  src/notas/Git2

jurru@ACER-AMD-A9 MINGW64 ~/Documents/EclipseProjects/workspace/Calculadora (master)
$ git commit -m "comienzo del proyecto"
Author identity unknown

*** Please tell me who you are.

Run

  git config --global user.email "you@example.com"
  git config --global user.name "Your Name"

to set your account's default identity.
Omit --global to set the identity only in this repository.

fatal: unable to auto-detect email address (got 'jurru@ACER-AMD-A9.(none)')

jurru@ACER-AMD-A9 MINGW64 ~/Documents/EclipseProjects/workspace/Calculadora (master)
$ git config --global user.email "yurrutiavila@gmail.com"

jurru@ACER-AMD-A9 MINGW64 ~/Documents/EclipseProjects/workspace/Calculadora (master)
$ git config --global user.name "YagoQueHago"

jurru@ACER-AMD-A9 MINGW64 ~/Documents/EclipseProjects/workspace/Calculadora (master)
$ git commit -m "Comienzo del proyecto"
[master (root-commit) 2de8614] Comienzo del proyecto
 11 files changed, 372 insertions(+)
 create mode 100644 .classpath
 create mode 100644 .project
 create mode 100644 .settings/org.eclipse.jdt.core.prefs
 create mode 100644 bin/git/Calculadora.class
 create mode 100644 bin/git/LaminaCalculadora.class
 create mode 100644 bin/git/MarcoCalculadora.class
 create mode 100644 bin/notas/Git1
 create mode 100644 bin/notas/Git2
 create mode 100644 src/git/Calculadora.java
 create mode 100644 src/notas/Git1
 create mode 100644 src/notas/Git2

jurru@ACER-AMD-A9 MINGW64 ~/Documents/EclipseProjects/workspace/Calculadora (master)
$ git status -s

jurru@ACER-AMD-A9 MINGW64 ~/Documents/EclipseProjects/workspace/Calculadora (master)
$ git log --oneline
2de8614 (HEAD -> master) Comienzo del proyecto

jurru@ACER-AMD-A9 MINGW64 ~/Documents/EclipseProjects/workspace/Calculadora (master)
$
