AmazonMovil@LAPTOP-GAPIPEV3 /C/Users/AmazonMovil/Documents/EclipseProjects/workspace/Calculadora/src/git (master)
$ git status -s
 M Calculadora.java

AmazonMovil@LAPTOP-GAPIPEV3 /C/Users/AmazonMovil/Documents/EclipseProjects/workspace/Calculadora/src/git (master)
$ git commit -m"botones"
# On branch master
# Changes not staged for commit:
#   (use "git add <file>..." to update what will be committed)
#   (use "git checkout -- <file>..." to discard changes in working directory)
#
#       modified:   Calculadora.java
#
no changes added to commit (use "git add" and/or "git commit -a")

AmazonMovil@LAPTOP-GAPIPEV3 /C/Users/AmazonMovil/Documents/EclipseProjects/workspace/Calculadora/src/git (master)
$ git add Calculadora
fatal: pathspec 'Calculadora' did not match any files

AmazonMovil@LAPTOP-GAPIPEV3 /C/Users/AmazonMovil/Documents/EclipseProjects/workspace/Calculadora/src/git (master)
$ git add Calculadora.java

AmazonMovil@LAPTOP-GAPIPEV3 /C/Users/AmazonMovil/Documents/EclipseProjects/workspace/Calculadora/src/git (master)
$ git commit -m"añadido botones"
[master f108442] añadido botones
 1 file changed, 78 insertions(+), 4 deletions(-)

AmazonMovil@LAPTOP-GAPIPEV3 /C/Users/AmazonMovil/Documents/EclipseProjects/workspace/Calculadora/src/git (master)
$ git status -s

AmazonMovil@LAPTOP-GAPIPEV3 /C/Users/AmazonMovil/Documents/EclipseProjects/workspace/Calculadora/src/git (master)
$ git log --oneline
f108442 añadido botones
427f7ac marco calculadora 1

AmazonMovil@LAPTOP-GAPIPEV3 /C/Users/AmazonMovil/Documents/EclipseProjects/workspace/Calculadora/src/git (master)
$

